[backblue.gif]
[fade.gif]
[index.html]
[www.amaravati.org/abm/english/documents/mindful/index.html]
[www.amaravati.org/abm/english/documents/mindful/title.gif]
[www.amaravati.org/abm/english/documents/mindful/cont.html]
[www.amaravati.org/abm/english/documents/mindful/index-2.html]
[www.amaravati.org/abm/english/documents/mindful/01intro.html]
[www.amaravati.org/abm/english/documents/mindful/02befo.html]
[www.amaravati.org/abm/english/documents/mindful/03invt.html]
[www.amaravati.org/abm/english/documents/mindful/04ins.html]
[www.amaravati.org/abm/english/documents/mindful/05ins2.html]
[www.amaravati.org/abm/english/documents/mindful/06ins3.html]
[www.amaravati.org/abm/english/documents/mindful/07ins4.html]
[www.amaravati.org/abm/english/documents/mindful/08ins5.html]
[www.amaravati.org/abm/english/documents/mindful/09ins6.html]
[www.amaravati.org/abm/english/documents/mindful/10ins7.html]
[www.amaravati.org/abm/english/documents/mindful/11ins8.html]
[www.amaravati.org/abm/english/documents/mindful/12ins9.html]
[www.amaravati.org/abm/english/documents/mindful/13ins10.html]
[www.amaravati.org/abm/english/documents/mindful/14ref.html]
